[debug] [2025-10-27T04:53:35.149Z] ----------------------------------------------------------------------
[debug] [2025-10-27T04:53:35.165Z] Command:       C:\Program Files\nodejs\node.exe C:\Users\Acer\AppData\Roaming\npm\node_modules\firebase-tools\lib\bin\firebase.js init
[debug] [2025-10-27T04:53:35.166Z] CLI Version:   14.22.0
[debug] [2025-10-27T04:53:35.166Z] Platform:      win32
[debug] [2025-10-27T04:53:35.166Z] Node Version:  v20.11.1
[debug] [2025-10-27T04:53:35.167Z] Time:          Mon Oct 27 2025 10:23:35 GMT+0530 (India Standard Time)
[debug] [2025-10-27T04:53:35.167Z] ----------------------------------------------------------------------
[debug] 
[info] 
     ######## #### ########  ######## ########     ###     ######  ########
     ##        ##  ##     ## ##       ##     ##  ##   ##  ##       ##
     ######    ##  ########  ######   ########  #########  ######  ######
     ##        ##  ##    ##  ##       ##     ## ##     ##       ## ##
     ##       #### ##     ## ######## ########  ##     ##  ######  ########

You're about to initialize a Firebase project in this directory:

  D:\Tekly Sloutins\TalentNestLandingPage

[debug] [2025-10-27T04:53:40.144Z] ExitPromptError: User force closed the prompt with SIGINT
    at Interface.sigint (C:\Users\Acer\AppData\Roaming\npm\node_modules\firebase-tools\node_modules\@inquirer\core\dist\commonjs\lib\create-prompt.js:101:37)
    at Interface.emit (node:events:518:28)
    at Interface.emit (node:domain:488:12)
    at [_ttyWrite] [as _ttyWrite] (node:internal/readline/interface:1125:18)
    at ReadStream.onkeypress (node:internal/readline/interface:264:20)
    at ReadStream.emit (node:events:530:35)
    at ReadStream.emit (node:domain:488:12)
    at emitKeys (node:internal/readline/utils:371:14)
    at emitKeys.next (<anonymous>)
    at ReadStream.onData (node:internal/readline/emitKeypressEvents:64:36)
[error] 
[error] Error: An unexpected error has occurred.
